[GIN-debug] [WARNING] Creating an Engine instance with the Logger and Recovery middleware already attached.

[GIN-debug] [WARNING] Running in "debug" mode. Switch to "release" mode in production.
 - using env:	export GIN_MODE=release
 - using code:	gin.SetMode(gin.ReleaseMode)

[GIN-debug] GET    /                         --> main.main.func1 (4 handlers)
[GIN-debug] POST   /api/v1/auth/sync         --> ehubgo/handlers.(*AuthHandler).SyncUser-fm (5 handlers)
[GIN-debug] POST   /api/v1/auth/logout       --> ehubgo/handlers.(*AuthHandler).Logout-fm (5 handlers)
[GIN-debug] POST   /api/v1/feedback          --> ehubgo/handlers.(*FeedbackHandler).SubmitFeedback-fm (6 handlers)
[GIN-debug] POST   /api/v1/complaints        --> ehubgo/handlers.(*ComplaintHandler).SubmitComplaint-fm (6 handlers)
[GIN-debug] GET    /api/v1/health            --> ehubgo/handlers.RegisterRoutes.func1 (6 handlers)
[GIN-debug] GET    /api/v1/featured-products --> ehubgo/handlers.(*EcommerceHandler).ListFeaturedProducts-fm (7 handlers)
[GIN-debug] GET    /api/v1/products          --> ehubgo/handlers.(*EcommerceHandler).ListProducts-fm (6 handlers)
[GIN-debug] GET    /api/v1/products/search   --> ehubgo/handlers.(*EcommerceHandler).SearchProducts-fm (7 handlers)
[GIN-debug] GET    /api/v1/products/filter   --> ehubgo/handlers.(*EcommerceHandler).SearchAndFilterProducts-fm (6 handlers)
[GIN-debug] GET    /api/v1/products/:id      --> ehubgo/handlers.(*EcommerceHandler).GetProductByID-fm (6 handlers)
[GIN-debug] GET    /api/v1/categories        --> ehubgo/handlers.(*EcommerceHandler).ListCategories-fm (6 handlers)
[GIN-debug] GET    /api/v1/brands            --> ehubgo/handlers.(*EcommerceHandler).ListBrands-fm (6 handlers)
[GIN-debug] GET    /api/v1/models            --> ehubgo/handlers.(*EcommerceHandler).ListProductModels-fm (6 handlers)
[GIN-debug] GET    /api/v1/groceries         --> ehubgo/handlers.(*GroceryHandler).ListGroceryItems-fm (6 handlers)
[GIN-debug] GET    /api/v1/grocery/stores    --> ehubgo/handlers.(*GroceryHandler).SearchGroceryStores-fm (6 handlers)
[GIN-debug] POST   /api/v1/groceries/delivery/estimate --> ehubgo/handlers.(*GroceryHandler).CalculateGroceryDeliveryQuote-fm (6 handlers)
[GIN-debug] GET    /api/v1/liquor            --> ehubgo/handlers.(*LiquorHandler).ListLiquorItems-fm (6 handlers)
[GIN-debug] GET    /api/v1/liquor/stores     --> ehubgo/handlers.(*LiquorHandler).SearchLiquorStores-fm (6 handlers)
[GIN-debug] GET    /api/v1/pharmacy          --> ehubgo/handlers.(*HealthHandler).ListPharmacyItems-fm (6 handlers)
[GIN-debug] GET    /api/v1/food-items        --> ehubgo/handlers.(*FoodHandler).ListAllFoodItems-fm (6 handlers)
[GIN-debug] GET    /api/v1/food-items/:id    --> ehubgo/handlers.(*FoodHandler).GetFoodItem-fm (6 handlers)
[GIN-debug] GET    /api/v1/food-items/category --> ehubgo/handlers.(*FoodHandler).ListFoodByCategory-fm (6 handlers)
[GIN-debug] GET    /api/v1/delivery/drivers/nearby --> ehubgo/handlers.(*FoodHandler).GetNearbyMotorbikeDrivers-fm (6 handlers)
[GIN-debug] POST   /api/v1/food/delivery/estimate --> ehubgo/handlers.(*FoodHandler).EstimateDelivery-fm (6 handlers)
[GIN-debug] POST   /api/v1/delivery/pricing/estimate --> ehubgo/handlers.(*DeliveryHandler).CalculateDeliveryQuote-fm (6 handlers)
[GIN-debug] POST   /api/v1/pricing/estimate  --> ehubgo/handlers.(*PricingHandler).GetPriceEstimate-fm (6 handlers)
[GIN-debug] GET    /api/v1/services/laundry  --> ehubgo/handlers.(*LaundryHandler).ListLaundryServices-fm (6 handlers)
[GIN-debug] GET    /api/v1/services/cleaning --> ehubgo/handlers.(*CleanHandler).ListCleaningServices-fm (6 handlers)
[GIN-debug] GET    /api/v1/services/repair   --> ehubgo/handlers.(*RepairHandler).ListRepairServices-fm (6 handlers)
[GIN-debug] GET    /api/v1/services/health   --> ehubgo/handlers.(*HealthHandler).ListHealthServices-fm (6 handlers)
[GIN-debug] GET    /api/v1/services/b2b      --> ehubgo/handlers.(*B2BHandler).ListB2BServices-fm (6 handlers)
[GIN-debug] GET    /api/v1/services/delivery --> ehubgo/handlers.(*DeliveryHandler).ListDeliveryOptions-fm (6 handlers)
[GIN-debug] GET    /api/v1/bus/routes        --> ehubgo/handlers.(*BusHandler).ListBusRoutes-fm (6 handlers)
[GIN-debug] GET    /api/v1/flights           --> ehubgo/handlers.(*FlightsHandler).ListFlights-fm (6 handlers)
[GIN-debug] GET    /api/v1/tours             --> ehubgo/handlers.(*TravelHandler).ListTours-fm (6 handlers)
[GIN-debug] GET    /api/v1/drivers/nearby    --> ehubgo/handlers.(*TaxiHandler).GetNearbyDrivers-fm (6 handlers)
[GIN-debug] GET    /api/v1/properties        --> ehubgo/handlers.(*HostHandler).ListProperties-fm (6 handlers)
[GIN-debug] GET    /api/v1/properties/:id    --> ehubgo/handlers.(*HostHandler).GetProperty-fm (6 handlers)
[GIN-debug] GET    /api/v1/cinema/movies/now-playing --> ehubgo/handlers.(*CinemaHandler).ListNowPlayingMovies-fm (6 handlers)
[GIN-debug] GET    /api/v1/cinema/movies/coming-soon --> ehubgo/handlers.(*CinemaHandler).ListComingSoonMovies-fm (6 handlers)
[GIN-debug] GET    /api/v1/cinema/movies/:id --> ehubgo/handlers.(*CinemaHandler).GetMovieDetails-fm (6 handlers)
[GIN-debug] GET    /api/v1/cinema/refreshments --> ehubgo/handlers.(*CinemaHandler).ListRefreshments-fm (6 handlers)
[GIN-debug] GET    /api/v1/cinema/movies/:id/showtimes --> ehubgo/handlers.(*CinemaHandler).ListMovieShowtimes-fm (6 handlers)
[GIN-debug] GET    /api/v1/jobs              --> ehubgo/handlers.(*JobsHandler).ListJobs-fm (6 handlers)
[GIN-debug] GET    /api/v1/c2c/listings      --> ehubgo/handlers.(*C2CHandler).ListC2CListings-fm (6 handlers)
[GIN-debug] GET    /api/v1/c2c/listings/:id  --> ehubgo/handlers.(*C2CHandler).GetC2CListing-fm (6 handlers)
[GIN-debug] GET    /api/v1/businesses        --> ehubgo/handlers.(*BusinessHandler).ListBusinesses-fm (6 handlers)
[GIN-debug] GET    /api/v1/businesses/:id    --> ehubgo/handlers.(*BusinessHandler).GetBusinessProfile-fm (6 handlers)
[GIN-debug] GET    /api/v1/reviews           --> ehubgo/handlers.(*ReviewHandler).GetReviewsByTarget-fm (6 handlers)
[GIN-debug] GET    /api/v1/analytics/miniservices --> ehubgo/handlers.(*EcommerceHandler).GetMiniserviceAnalytics-fm (7 handlers)
[GIN-debug] GET    /api/v1/analytics/stores/:id --> ehubgo/handlers.(*EcommerceHandler).GetStoreAnalytics-fm (7 handlers)
[GIN-debug] GET    /api/v1/users             --> ehubgo/handlers.(*UserHandler).ListUsers-fm (7 handlers)
[GIN-debug] GET    /api/v1/users/me          --> ehubgo/handlers.(*UserHandler).GetMe-fm (7 handlers)
[GIN-debug] POST   /api/v1/businesses        --> ehubgo/handlers.(*BusinessHandler).RegisterBusiness-fm (7 handlers)
[GIN-debug] GET    /api/v1/businesses/me     --> ehubgo/handlers.(*BusinessHandler).GetMyMall-fm (7 handlers)
[GIN-debug] POST   /api/v1/businesses/staff/invite --> ehubgo/handlers.(*BusinessStaffHandler).InviteStaff-fm (7 handlers)
[GIN-debug] GET    /api/v1/businesses/:id/staff --> ehubgo/handlers.(*BusinessStaffHandler).ListStaff-fm (7 handlers)
[GIN-debug] PUT    /api/v1/businesses/:id/status --> ehubgo/handlers.(*ComplianceHandler).UpdateApplicationStatus-fm (8 handlers)
[GIN-debug] PUT    /api/v1/businesses/documents/:doc_id/status --> ehubgo/handlers.(*ComplianceHandler).ReviewDocument-fm (8 handlers)
[GIN-debug] POST   /api/v1/products          --> ehubgo/handlers.(*EcommerceHandler).CreateProduct-fm (7 handlers)
[GIN-debug] PUT    /api/v1/products/:id      --> ehubgo/handlers.(*EcommerceHandler).UpdateProduct-fm (7 handlers)
[GIN-debug] DELETE /api/v1/products/:id      --> ehubgo/handlers.(*EcommerceHandler).DeleteProduct-fm (7 handlers)
[GIN-debug] POST   /api/v1/categories        --> ehubgo/handlers.(*EcommerceHandler).CreateCategory-fm (8 handlers)
[GIN-debug] PUT    /api/v1/categories/:id    --> ehubgo/handlers.(*EcommerceHandler).UpdateCategory-fm (8 handlers)
[GIN-debug] DELETE /api/v1/categories/:id    --> ehubgo/handlers.(*EcommerceHandler).DeleteCategory-fm (8 handlers)
[GIN-debug] POST   /api/v1/brands            --> ehubgo/handlers.(*EcommerceHandler).CreateBrand-fm (8 handlers)
[GIN-debug] PUT    /api/v1/brands/:id        --> ehubgo/handlers.(*EcommerceHandler).UpdateBrand-fm (8 handlers)
[GIN-debug] DELETE /api/v1/brands/:id        --> ehubgo/handlers.(*EcommerceHandler).DeleteBrand-fm (8 handlers)
[GIN-debug] POST   /api/v1/models            --> ehubgo/handlers.(*EcommerceHandler).CreateProductModel-fm (8 handlers)
[GIN-debug] PUT    /api/v1/models/:id        --> ehubgo/handlers.(*EcommerceHandler).UpdateProductModel-fm (8 handlers)
[GIN-debug] DELETE /api/v1/models/:id        --> ehubgo/handlers.(*EcommerceHandler).DeleteProductModel-fm (8 handlers)
[GIN-debug] GET    /api/v1/cart              --> ehubgo/handlers.(*CartHandler).GetCart-fm (7 handlers)
[GIN-debug] POST   /api/v1/cart              --> ehubgo/handlers.(*CartHandler).AddToCart-fm (7 handlers)
[GIN-debug] PUT    /api/v1/cart/:id          --> ehubgo/handlers.(*EcommerceHandler).UpdateCartItemQuantity-fm (7 handlers)
[GIN-debug] DELETE /api/v1/cart/:id          --> ehubgo/handlers.(*CartHandler).RemoveCartItem-fm (7 handlers)
[GIN-debug] POST   /api/v1/checkout          --> ehubgo/handlers.(*EcommerceHandler).Checkout-fm (7 handlers)
[GIN-debug] GET    /api/v1/orders            --> ehubgo/handlers.(*EcommerceHandler).GetOrders-fm (7 handlers)
[GIN-debug] POST   /api/v1/services/book     --> ehubgo/handlers.(*ServiceHandler).BookService-fm (7 handlers)
[GIN-debug] GET    /api/v1/services/my-bookings --> ehubgo/handlers.(*ServiceHandler).GetMyBookings-fm (7 handlers)
[GIN-debug] POST   /api/v1/services/bookings/:id/status --> ehubgo/handlers.(*ServiceHandler).ProviderUpdateBookingStatus-fm (7 handlers)
[GIN-debug] POST   /api/v1/services/listings --> ehubgo/handlers.(*ServiceHandler).CreateServiceListing-fm (7 handlers)
[GIN-debug] POST   /api/v1/taxi/location     --> ehubgo/handlers.(*TaxiHandler).UpdateLocation-fm (7 handlers)
[GIN-debug] GET    /api/v1/taxi/location     --> ehubgo/handlers.(*TaxiHandler).GetDriverLocation-fm (7 handlers)
[GIN-debug] POST   /api/v1/taxi/status       --> ehubgo/handlers.(*TaxiHandler).UpdateStatus-fm (7 handlers)
[GIN-debug] GET    /api/v1/taxi/driver/tasks --> ehubgo/handlers.(*TaxiHandler).GetDriverTasks-fm (7 handlers)
[GIN-debug] GET    /api/v1/taxi/requests     --> ehubgo/handlers.(*TaxiHandler).GetRideRequests-fm (7 handlers)
[GIN-debug] GET    /api/v1/delivery/requests --> ehubgo/handlers.(*TaxiHandler).GetDeliveryRequests-fm (7 handlers)
[GIN-debug] POST   /api/v1/delivery/driver/accept --> ehubgo/handlers.(*TaxiHandler).AcceptDeliveryRequest-fm (7 handlers)
[GIN-debug] POST   /api/v1/delivery/driver/decline --> ehubgo/handlers.(*TaxiHandler).DeclineDeliveryRequest-fm (7 handlers)
[GIN-debug] POST   /api/v1/taxi/driver/accept --> ehubgo/handlers.(*TaxiHandler).AcceptRideRequest-fm (7 handlers)
[GIN-debug] POST   /api/v1/taxi/driver/decline --> ehubgo/handlers.(*TaxiHandler).DeclineRideRequest-fm (7 handlers)
[GIN-debug] POST   /api/v1/taxi/request      --> ehubgo/handlers.(*TaxiHandler).RequestRide-fm (7 handlers)
[GIN-debug] GET    /api/v1/ws/driver         --> ehubgo/handlers.(*TaxiHandler).DriverWS-fm (7 handlers)
[GIN-debug] POST   /api/v1/food/delivery/assign --> ehubgo/handlers.(*FoodHandler).AssignDelivery-fm (7 handlers)
[GIN-debug] POST   /api/v1/properties/book   --> ehubgo/handlers.(*PropertyHandler).BookProperty-fm (7 handlers)
[GIN-debug] POST   /api/v1/properties/listings --> ehubgo/handlers.(*PropertyHandler).CreatePropertyListing-fm (7 handlers)
[GIN-debug] POST   /api/v1/c2c/listings      --> ehubgo/handlers.(*C2CHandler).CreateC2CListing-fm (7 handlers)
[GIN-debug] POST   /api/v1/reviews           --> ehubgo/handlers.(*ReviewHandler).CreateReview-fm (7 handlers)
[GIN-debug] GET    /api/v1/wallet/balance    --> ehubgo/handlers.(*PayHandler).GetWalletBalance-fm (7 handlers)
[GIN-debug] POST   /api/v1/pay/mock          --> ehubgo/handlers.(*PayHandler).ProcessMockPayment-fm (7 handlers)
[GIN-debug] GET    /api/v1/bills             --> ehubgo/handlers.(*BillsHandler).ListUserBills-fm (7 handlers)
[GIN-debug] GET    /api/v1/b2b/dashboard     --> ehubgo/handlers.(*B2BHandler).GetB2BDashboard-fm (7 handlers)
[GIN-debug] GET    /api/v1/b2b/items         --> ehubgo/handlers.(*B2BHandler).ListWholesaleItems-fm (7 handlers)
[GIN-debug] GET    /api/v1/b2b/items/:id     --> ehubgo/handlers.(*B2BHandler).GetWholesaleItem-fm (7 handlers)
[GIN-debug] POST   /api/v1/b2b/rfqs          --> ehubgo/handlers.(*B2BHandler).CreateRFQ-fm (7 handlers)
[GIN-debug] GET    /api/v1/b2b/rfqs          --> ehubgo/handlers.(*B2BHandler).ListMyRFQs-fm (7 handlers)
[GIN-debug] POST   /api/v1/b2b/quotes        --> ehubgo/handlers.(*B2BHandler).SubmitQuote-fm (7 handlers)
[GIN-debug] GET    /api/v1/messages          --> ehubgo/handlers.(*UserHandler).ListMessages-fm (7 handlers)
[GIN-debug] GET    /api/v1/notifications     --> ehubgo/handlers.(*UserHandler).ListNotifications-fm (7 handlers)
[GIN-debug] GET    /api/v1/admin/status      --> ehubgo/handlers.RegisterRoutes.func2 (8 handlers)
[GIN-debug] GET    /admin/swagger/*any       --> github.com/swaggo/gin-swagger.CustomWrapHandler.func1 (6 handlers)
[GIN-debug] GET    /health                   --> main.main.func2 (4 handlers)
[GIN-debug] [WARNING] You trusted all proxies, this is NOT safe. We recommend you to set a value.
Please check https://pkg.go.dev/github.com/gin-gonic/gin#readme-don-t-trust-all-proxies for details.
[GIN-debug] Listening and serving HTTP on :8080
